// Jest Snapshot v1, https://goo.gl/fbAQLP

exports[`<Main /> should render the heading 1`] = `
.c0 {
  color: var(--primary-color);
}

<main>
  <h1
    class="c0"
  >
    React Avan√ßado
  </h1>
</main>
`
